// Jest Snapshot v1, https://goo.gl/fbAQLP

exports[`Search Component Search component renders with search results 1`] = `ShallowWrapper {}`;
